register tokenizers/yadelimit
[[0,0.0,0.0],true]
tokenize TokenYaDelimitPunctWithBlank "a.B￾cDe 1￾23" NormalizerAuto ENABLE_TOKENIZED_DELIMITER
[
  [
    0,
    0.0,
    0.0
  ],
  [
    {
      "value": "a.b",
      "position": 0
    },
    {
      "value": "cde 1",
      "position": 1
    },
    {
      "value": "23",
      "position": 2
    }
  ]
]
